// Jest Snapshot v1, https://goo.gl/fbAQLP

exports[`Layout should Stay Calm 1`] = `"<div class=\\"flex\\"><div class=\\"mr-2\\"><button class=\\"MuiButtonBase-root MuiButton-root MuiButton-text\\" tabindex=\\"0\\" type=\\"button\\"><span class=\\"MuiButton-label\\">Sign In</span></button></div><div><button class=\\"MuiButtonBase-root MuiButton-root MuiButton-text\\" tabindex=\\"0\\" type=\\"button\\"><span class=\\"MuiButton-label\\">Sign Up</span></button></div></div>"`;
